Traceback (most recent call last):
  File "C:\Users\Administrator\AppData\Local\Programs\Python\Python311\Lib\site-packages\jupyter_core\utils\__init__.py", line 154, in wrapped
    asyncio.get_running_loop()
RuntimeError: no running event loop

During handling of the above exception, another exception occurred:

Traceback (most recent call last):
  File "C:\Users\Administrator\AppData\Local\Programs\Python\Python311\Lib\site-packages\jupyter_cache\executors\utils.py", line 58, in single_nb_execution
    executenb(
  File "C:\Users\Administrator\AppData\Local\Programs\Python\Python311\Lib\site-packages\nbclient\client.py", line 1319, in execute
    return NotebookClient(nb=nb, resources=resources, km=km, **kwargs).execute()
           ^^^^^^^^^^^^^^^^^^^^^^^^^^^^^^^^^^^^^^^^^^^^^^^^^^^^^^^^^^^^^^^^^^^^^
  File "C:\Users\Administrator\AppData\Local\Programs\Python\Python311\Lib\site-packages\jupyter_core\utils\__init__.py", line 158, in wrapped
    return loop.run_until_complete(inner)
           ^^^^^^^^^^^^^^^^^^^^^^^^^^^^^^
  File "C:\Users\Administrator\AppData\Local\Programs\Python\Python311\Lib\asyncio\base_events.py", line 653, in run_until_complete
    return future.result()
           ^^^^^^^^^^^^^^^
  File "C:\Users\Administrator\AppData\Local\Programs\Python\Python311\Lib\contextlib.py", line 222, in __aexit__
    await self.gen.athrow(typ, value, traceback)
  File "C:\Users\Administrator\AppData\Local\Programs\Python\Python311\Lib\site-packages\nbclient\client.py", line 654, in async_setup_kernel
    yield
  File "C:\Users\Administrator\AppData\Local\Programs\Python\Python311\Lib\site-packages\nbclient\client.py", line 709, in async_execute
    await self.async_execute_cell(
  File "C:\Users\Administrator\AppData\Local\Programs\Python\Python311\Lib\site-packages\nbclient\client.py", line 1062, in async_execute_cell
    await self._check_raise_for_error(cell, cell_index, exec_reply)
  File "C:\Users\Administrator\AppData\Local\Programs\Python\Python311\Lib\site-packages\nbclient\client.py", line 918, in _check_raise_for_error
    raise CellExecutionError.from_cell_and_msg(cell, exec_reply_content)
nbclient.exceptions.CellExecutionError: An error occurred while executing the following cell:
------------------
file_path = f"tweets-data/{nama_file}"
if not os.path.exists(file_path):
    raise FileNotFoundError(f"File tidak ditemukan: {file_path}")

# data_tweeter = pd.read_csv(file_path)
data_tweeter = pd.read_csv(file_path, delimiter=",")
print("Menampilkan data tweeter:")
display(data_tweeter)
------------------


[31m---------------------------------------------------------------------------[39m
[31mFileNotFoundError[39m                         Traceback (most recent call last)
[36mCell[39m[36m [39m[32mIn[7][39m[32m, line 3[39m
[32m      1[39m file_path = [33mf[39m[33m"[39m[33mtweets-data/[39m[38;5;132;01m{[39;00mnama_file[38;5;132;01m}[39;00m[33m"[39m
[32m      2[39m [38;5;28;01mif[39;00m [38;5;129;01mnot[39;00m os.path.exists(file_path):
[32m----> [39m[32m3[39m     [38;5;28;01mraise[39;00m [38;5;167;01mFileNotFoundError[39;00m([33mf[39m[33m"[39m[33mFile tidak ditemukan: [39m[38;5;132;01m{[39;00mfile_path[38;5;132;01m}[39;00m[33m"[39m)
[32m      5[39m [38;5;66;03m# data_tweeter = pd.read_csv(file_path)[39;00m
[32m      6[39m data_tweeter = pd.read_csv(file_path, delimiter=[33m"[39m[33m,[39m[33m"[39m)

[31mFileNotFoundError[39m: File tidak ditemukan: tweets-data/PPW_Tugas8_Crawling(Tweeter).csv

